I'm sorry, but errors were detected in your script. Please correct the
errors listed below, and try again.


File "game/script.rpy", line 14473: expected end of line
    stop sound fadeoute 2.0
               ^

Ren'Py Version: Ren'Py 7.4.11.2266
Fri Jun 10 19:08:40 2022
